<testsuites name="results">
  <testsuite name="all" package="all">
    <property name="random_seed" value="1756825251" />
    <testcase name="test_decryptor" classname="test_decryptor" file="/Users/visitor/rsa-message-decoder/tb/test_decryptor.py" lineno="32" time="0.012360811233520508" sim_time_ns="3000.0" ratio_time="242702.5171183335" />
  </testsuite>
</testsuites>
